2026-05-20 23:01:24,259 [INFO] chart_monitor.chart_analyzer: [ChartAnalyzer] Initialized
2026-05-20 23:01:24,260 [INFO] chart_monitor.live_chart_monitor: [LiveChartMonitor] Initialized
2026-05-20 23:01:24,260 [INFO] __main__: [Daemon] LiveChartMonitor initialized
2026-05-20 23:01:24,627 [INFO] position_monitor_v2: [POSITION MONITOR v2] Started (interval: 300s)
2026-05-20 23:01:24,627 [INFO] __main__: [Daemon] Position monitor v2 started (5-min intervals, 24/7)
2026-05-20 23:01:24,627 [INFO] __main__: [Daemon] Position monitor connected to chart intelligence
2026-05-20 23:01:24,627 [INFO] __main__: ============================================================
2026-05-20 23:01:24,627 [INFO] __main__: JARVIS AUTONOMOUS DAEMON STARTED
2026-05-20 23:01:24,627 [INFO] __main__: Interval: 4 hours
2026-05-20 23:01:24,627 [INFO] __main__: PID: 5914
2026-05-20 23:01:24,627 [INFO] __main__: PID file: /tmp/jarvis_autonomous_daemon.pid
2026-05-20 23:01:24,627 [INFO] __main__: ============================================================
2026-05-20 23:01:24,627 [INFO] __main__: ============================================================
2026-05-20 23:01:24,627 [INFO] __main__: DAEMON: Starting autonomous pipeline cycle
2026-05-20 23:01:24,627 [INFO] __main__: ============================================================
2026-05-20 23:01:24,941 [INFO] position_monitor_v2: [POSITION MONITOR] Checking 2 open positions
2026-05-20 23:01:24,941 [INFO] position_monitor_v2:   BTCUSD: qty=0.012815, entry=$77512.00, current=$77600.37, unrealized=0.11%, held=0.0h, high=$77600.37
2026-05-20 23:01:24,941 [INFO] position_monitor_v2:   ETHUSD: qty=0.464274, entry=$2140.02, current=$2132.30, unrealized=-0.36%, held=0.0h, high=$2132.30
2026-05-20 23:06:25,229 [INFO] position_monitor_v2: [POSITION MONITOR] Checking 2 open positions
2026-05-20 23:06:25,229 [INFO] position_monitor_v2:   BTCUSD: qty=0.012815, entry=$77512.00, current=$77600.37, unrealized=0.11%, held=0.1h, high=$77600.37
2026-05-20 23:06:25,229 [INFO] position_monitor_v2:   ETHUSD: qty=0.464274, entry=$2140.02, current=$2132.30, unrealized=-0.36%, held=0.1h, high=$2132.30
2026-05-20 23:10:35,627 [INFO] __main__: Pipeline cycle completed successfully
2026-05-20 23:10:35,628 [INFO] __main__: Next cycle at: 2026-05-21 01:10:35 UTC (position monitor keeps running)
2026-05-20 23:11:25,513 [INFO] position_monitor_v2: [POSITION MONITOR] Checking 2 open positions
2026-05-20 23:11:25,513 [INFO] position_monitor_v2:   BTCUSD: qty=0.012815, entry=$77512.00, current=$77600.37, unrealized=0.11%, held=0.2h, high=$77600.37
2026-05-20 23:11:25,513 [INFO] position_monitor_v2:   ETHUSD: qty=0.464274, entry=$2140.02, current=$2136.20, unrealized=-0.18%, held=0.2h, high=$2136.20
2026-05-20 23:16:25,801 [INFO] position_monitor_v2: [POSITION MONITOR] Checking 2 open positions
2026-05-20 23:16:25,802 [INFO] position_monitor_v2:   BTCUSD: qty=0.012815, entry=$77512.00, current=$77600.37, unrealized=0.11%, held=0.3h, high=$77600.37
2026-05-20 23:16:25,802 [INFO] position_monitor_v2:   ETHUSD: qty=0.232174, entry=$2140.02, current=$2136.42, unrealized=-0.17%, held=0.3h, high=$2136.42
2026-05-20 23:21:26,102 [INFO] position_monitor_v2: [POSITION MONITOR] Checking 2 open positions
2026-05-20 23:21:26,103 [INFO] position_monitor_v2:   BTCUSD: qty=0.012815, entry=$77512.00, current=$77600.37, unrealized=0.11%, held=0.3h, high=$77600.37
2026-05-20 23:21:26,103 [INFO] position_monitor_v2:   ETHUSD: qty=0.232174, entry=$2140.02, current=$2135.98, unrealized=-0.19%, held=0.3h, high=$2136.42
2026-05-20 23:26:26,395 [INFO] position_monitor_v2: [POSITION MONITOR] Checking 1 open positions
2026-05-20 23:26:26,395 [INFO] position_monitor_v2:   ETHUSD: qty=0.232174, entry=$2140.02, current=$2135.98, unrealized=-0.19%, held=0.4h, high=$2136.42
2026-05-20 23:31:26,702 [INFO] position_monitor_v2: [POSITION MONITOR] Checking 1 open positions
2026-05-20 23:31:26,703 [INFO] position_monitor_v2:   ETHUSD: qty=0.232174, entry=$2140.02, current=$2131.69, unrealized=-0.39%, held=0.5h, high=$2136.42
2026-05-20 23:36:27,004 [INFO] position_monitor_v2: [POSITION MONITOR] Checking 1 open positions
2026-05-20 23:36:27,004 [INFO] position_monitor_v2:   ETHUSD: qty=0.232174, entry=$2140.02, current=$2131.69, unrealized=-0.39%, held=0.6h, high=$2136.42
2026-05-20 23:41:27,311 [INFO] position_monitor_v2: [POSITION MONITOR] Checking 1 open positions
2026-05-20 23:41:27,311 [INFO] position_monitor_v2:   ETHUSD: qty=0.232174, entry=$2140.02, current=$2132.30, unrealized=-0.36%, held=0.7h, high=$2136.42
2026-05-20 23:46:27,613 [INFO] position_monitor_v2: [POSITION MONITOR] Checking 1 open positions
2026-05-20 23:46:27,613 [INFO] position_monitor_v2:   ETHUSD: qty=0.232174, entry=$2140.02, current=$2132.30, unrealized=-0.36%, held=0.8h, high=$2136.42
2026-05-20 23:51:27,920 [INFO] position_monitor_v2: [POSITION MONITOR] Checking 1 open positions
2026-05-20 23:51:27,920 [INFO] position_monitor_v2:   ETHUSD: qty=0.232174, entry=$2140.02, current=$2132.30, unrealized=-0.36%, held=0.8h, high=$2136.42
2026-05-20 23:56:28,205 [INFO] position_monitor_v2: [POSITION MONITOR] Checking 1 open positions
2026-05-20 23:56:28,205 [INFO] position_monitor_v2:   ETHUSD: qty=0.232174, entry=$2140.02, current=$2129.14, unrealized=-0.51%, held=0.9h, high=$2136.42
2026-05-21 00:01:28,510 [INFO] position_monitor_v2: [POSITION MONITOR] Checking 1 open positions
2026-05-21 00:01:28,510 [INFO] position_monitor_v2:   ETHUSD: qty=0.232174, entry=$2140.02, current=$2129.14, unrealized=-0.51%, held=1.0h, high=$2136.42
2026-05-21 00:06:28,815 [INFO] position_monitor_v2: [POSITION MONITOR] Checking 1 open positions
2026-05-21 00:06:28,815 [INFO] position_monitor_v2:   ETHUSD: qty=0.232174, entry=$2140.02, current=$2129.14, unrealized=-0.51%, held=1.1h, high=$2136.42
2026-05-21 00:11:29,129 [INFO] position_monitor_v2: [POSITION MONITOR] Checking 1 open positions
2026-05-21 00:11:29,129 [INFO] position_monitor_v2:   ETHUSD: qty=0.232174, entry=$2140.02, current=$2129.14, unrealized=-0.51%, held=1.2h, high=$2136.42
2026-05-21 00:16:29,425 [INFO] position_monitor_v2: [POSITION MONITOR] Checking 1 open positions
2026-05-21 00:16:29,425 [INFO] position_monitor_v2:   ETHUSD: qty=0.232174, entry=$2140.02, current=$2122.61, unrealized=-0.81%, held=1.3h, high=$2136.42
2026-05-21 00:21:29,718 [INFO] position_monitor_v2: [POSITION MONITOR] Checking 1 open positions
2026-05-21 00:21:29,719 [INFO] position_monitor_v2:   ETHUSD: qty=0.232174, entry=$2140.02, current=$2115.60, unrealized=-1.14%, held=1.3h, high=$2136.42
2026-05-21 00:26:30,019 [INFO] position_monitor_v2: [POSITION MONITOR] Checking 1 open positions
2026-05-21 00:26:30,019 [INFO] position_monitor_v2:   ETHUSD: qty=0.232174, entry=$2140.02, current=$2119.60, unrealized=-0.95%, held=1.4h, high=$2136.42
2026-05-21 00:31:30,323 [INFO] position_monitor_v2: [POSITION MONITOR] Checking 1 open positions
2026-05-21 00:31:30,324 [INFO] position_monitor_v2:   ETHUSD: qty=0.232174, entry=$2140.02, current=$2125.24, unrealized=-0.69%, held=1.5h, high=$2136.42
2026-05-21 00:36:30,616 [INFO] position_monitor_v2: [POSITION MONITOR] Checking 1 open positions
2026-05-21 00:36:30,616 [INFO] position_monitor_v2:   ETHUSD: qty=0.232174, entry=$2140.02, current=$2122.95, unrealized=-0.80%, held=1.6h, high=$2136.42
2026-05-21 00:41:30,918 [INFO] position_monitor_v2: [POSITION MONITOR] Checking 1 open positions
2026-05-21 00:41:30,918 [INFO] position_monitor_v2:   ETHUSD: qty=0.232174, entry=$2140.02, current=$2122.95, unrealized=-0.80%, held=1.7h, high=$2136.42
