2026-05-21 21:49:58,737 [INFO] chart_monitor.chart_analyzer: [ChartAnalyzer] Initialized
2026-05-21 21:49:58,737 [INFO] chart_monitor.live_chart_monitor: [LiveChartMonitor] Initialized
2026-05-21 21:49:58,738 [INFO] __main__: [Daemon] LiveChartMonitor initialized
2026-05-21 21:49:59,127 [INFO] position_monitor_v2: [POSITION MONITOR v2] Started (interval: 300s)
2026-05-21 21:49:59,127 [INFO] __main__: [Daemon] Position monitor v2 started (5-min intervals, 24/7)
2026-05-21 21:49:59,127 [INFO] __main__: [Daemon] Position monitor connected to chart intelligence
2026-05-21 21:49:59,127 [INFO] __main__: ============================================================
2026-05-21 21:49:59,127 [INFO] __main__: JARVIS AUTONOMOUS DAEMON STARTED
2026-05-21 21:49:59,127 [INFO] __main__: Interval: 4 hours
2026-05-21 21:49:59,127 [INFO] __main__: PID: 6898
2026-05-21 21:49:59,127 [INFO] __main__: PID file: /tmp/jarvis_autonomous_daemon.pid
2026-05-21 21:49:59,127 [INFO] __main__: ============================================================
2026-05-21 21:49:59,127 [INFO] __main__: ============================================================
2026-05-21 21:49:59,128 [INFO] __main__: DAEMON: Starting autonomous pipeline cycle
2026-05-21 21:49:59,128 [INFO] __main__: ============================================================
2026-05-21 21:49:59,426 [INFO] position_monitor_v2: [POSITION MONITOR] No open positions
2026-05-21 21:49:59,602 [ERROR] __main__: Pipeline cycle failed: 
2026-05-21 21:49:59,602 [INFO] __main__: [pipeline] [ENTRY LOCK] NEW ENTRIES ARE HALTED. ENTRY_LOCK file exists.
2026-05-21 21:49:59,602 [INFO] __main__: [pipeline] [ENTRY LOCK] Cannot run pipeline until ENTRY_LOCK is removed.
2026-05-21 21:49:59,602 [INFO] __main__: [pipeline] [ENTRY LOCK] EA Core integration not yet complete.
2026-05-21 21:49:59,602 [INFO] __main__: Next cycle at: 2026-05-21 23:49:59 UTC (position monitor keeps running)
2026-05-21 21:54:59,717 [INFO] position_monitor_v2: [POSITION MONITOR] No open positions
2026-05-21 22:00:00,005 [INFO] position_monitor_v2: [POSITION MONITOR] No open positions
2026-05-21 22:05:00,295 [INFO] position_monitor_v2: [POSITION MONITOR] No open positions
2026-05-21 22:10:00,603 [INFO] position_monitor_v2: [POSITION MONITOR] No open positions
2026-05-21 22:15:00,908 [INFO] position_monitor_v2: [POSITION MONITOR] No open positions
2026-05-21 22:20:01,202 [INFO] position_monitor_v2: [POSITION MONITOR] No open positions
2026-05-21 22:25:01,489 [INFO] position_monitor_v2: [POSITION MONITOR] No open positions
2026-05-21 22:30:01,806 [INFO] position_monitor_v2: [POSITION MONITOR] No open positions
2026-05-21 22:35:02,103 [INFO] position_monitor_v2: [POSITION MONITOR] No open positions
2026-05-21 22:40:02,398 [INFO] position_monitor_v2: [POSITION MONITOR] No open positions
2026-05-21 22:45:02,699 [INFO] position_monitor_v2: [POSITION MONITOR] No open positions
2026-05-21 22:50:02,998 [INFO] position_monitor_v2: [POSITION MONITOR] No open positions
2026-05-21 22:55:03,300 [INFO] position_monitor_v2: [POSITION MONITOR] No open positions
2026-05-21 23:00:03,608 [INFO] position_monitor_v2: [POSITION MONITOR] No open positions
2026-05-21 23:05:03,908 [INFO] position_monitor_v2: [POSITION MONITOR] No open positions
2026-05-21 23:10:04,202 [INFO] position_monitor_v2: [POSITION MONITOR] No open positions
2026-05-21 23:15:04,501 [INFO] position_monitor_v2: [POSITION MONITOR] No open positions
2026-05-21 23:20:04,804 [INFO] position_monitor_v2: [POSITION MONITOR] No open positions
2026-05-21 23:25:05,109 [INFO] position_monitor_v2: [POSITION MONITOR] No open positions
2026-05-21 23:30:05,394 [INFO] position_monitor_v2: [POSITION MONITOR] No open positions
2026-05-21 23:35:05,679 [INFO] position_monitor_v2: [POSITION MONITOR] No open positions
2026-05-21 23:40:05,979 [INFO] position_monitor_v2: [POSITION MONITOR] No open positions
2026-05-21 23:45:06,280 [INFO] position_monitor_v2: [POSITION MONITOR] No open positions
