2026-05-20 17:24:59,246 [INFO] reporting_watchdog: ============================================================
2026-05-20 17:24:59,246 [INFO] reporting_watchdog: WATCHDOG: Report cycle starting
2026-05-20 17:24:59,246 [INFO] reporting_watchdog: ============================================================
2026-05-20 17:25:00,330 [INFO] reporting_watchdog: Report saved: full (True)
2026-05-20 17:25:00,330 [INFO] reporting_watchdog: Delivery: {"timestamp": "2026-05-20T15:25:00.330581+00:00", "report_type": "full", "success": true, "errors": [], "saved_to": "logs/ceo_report_history.jsonl"}
2026-05-20 17:25:00,330 [INFO] reporting_watchdog: Report took 1.1s
2026-05-20 17:25:00,331 [INFO] reporting_watchdog: Cycle complete. Type=full, Success=True

======================================================================
CEO REPORT OUTPUT
======================================================================
---

|--------|-----|-------|---------|-----|
| Symbol | Qty | Entry | Current | PnL |

# CEO 30-MINUTE STATUS REPORT

**Report time:** Wednesday, May 20, 2026 — 17:25 CEST (Europe/Stockholm)
**UTC time:** 2026-05-20 15:25:00 UTC
**Report type:** FULL (generated in 1.1s)

---

## 1. EXECUTIVE SUMMARY

- **Account equity:** $9,958.73
- **Cash reserve:** $9,456.28 (95.0%)
- **Invested:** $502.45
- **Open positions:** 1
- **Daemon status:** RUNNING (PID: 4678)

## 2. OPEN POSITIONS

| ETHUSD | 0.2346 | $2,125.64 | $2,141.43 | +3.71 (+0.74%) |

## 3. SYSTEM HEALTH

- **Daemon:** ✅ unknown
- **State cache:** ✅ Found

## 4. NEXT REPORT

Next scheduled: 17:55 CEST

---
*Generated by CEO Reporting Watchdog*

======================================================================

{
  "success": true,
  "type": "full",
  "errors": []
}
